[resourcesnews.framer.website/index.html]
[backblue.gif]
[fade.gif]
[index.html]
[framerusercontent.com/images/xgI9dBgp56ioqIQDKNmzgCijm0k.png]
[resourcesnews.framer.website/[object Object].1.delayed]
[framerusercontent.com/images/M5BYpFV5ukCc6wJlq4Wqvkzw.png]
[framerusercontent.com/images/pFMcgVCWy5I4am5uUCi4DCvWxc3cde.png]
[framerusercontent.com/images/eAg2dLwe0nnOJFvsNlzHWvHjacoa2d5.png]
[framerusercontent.com/images/pzHTsJpJrxReo3O43nzG66bzmEke80c.png]
[framerusercontent.com/images/7cFYgLltsi05ALWahcrJPiCuWgad0b.png]
[framerusercontent.com/images/Mpaf4jZcr9hlmO2vnEcxfjUgL012cc.jpg]
[framerusercontent.com/images/hOTr7UzaoS2RvrQCUkVlKcZbScQ9e94.png]
[framerusercontent.com/images/mXHTvYyagCsrJqS1fZvqmkJ85g12cc.jpg]
[framerusercontent.com/images/VkmUcVisuWxL6xmS3bXenYoZ7hQe7f1.jpg]
[framerusercontent.com/images/PB4iBJ2n4aqkxNs797TH8X9ILeM7ac8.png]
[framerusercontent.com/images/UGOf15HarMoiVLKyFn2iNYEjkb4d526.png]
[framerusercontent.com/images/ayKZRQX9AdZvVllYXU0oo3hEEA22f9.png]
[framerusercontent.com/images/rioDBjHp4Ker1doqwtmPpPW9o4d63.jpg]
[framerusercontent.com/images/6mcf62RlDfRfU61Yg5vb2pefpi42774.png]
[framerusercontent.com/images/ZrpNUCzE88u6UHOtSExhAjwcTk8911.png]
[framerusercontent.com/images/IVFM1prbiV471PTYvsD2T2fe9q4eb5d.png]
[framerusercontent.com/images/IVFM1prbiV471PTYvsD2T2fe9q49000.png]
[framerusercontent.com/images/dQg9YfLvxNYTLvyRoj1NXdMRGwcd01.jpg]
[framerusercontent.com/images/Lck9pTuxXE8L2j6Z1oJUvgFb4bd31.png]
[framerusercontent.com/images/gKZm9PfvxlXTKYdCsahHn1dxEtM4694.png]
[framerusercontent.com/images/XU4E3Jo4gO7d3loGeRUgqTqfKQ90ee.png]
[framerusercontent.com/images/koqKOtOr7f6TU7sS7B4XS6LfALI90ee.png]
[framerusercontent.com/images/1miJgy6myYQH2dCe62AssZyDdnUc736.png]
[framerusercontent.com/images/1bu74hAN2GF8rLtJYAqkZUpP5KAcfbb.jpg]
[framerusercontent.com/images/vSbCV03F9aQJsOkuumUlSq7zNX02c2e.jpg]
[framerusercontent.com/images/JatppHvkcItyVu0soAiLDOYR9GAba4b.jpg]
[framerusercontent.com/images/IEU0p7VVIFKfbvhT3rlcnzHkM1f25.png]
[framerusercontent.com/images/pisZZMAnICiqQtB85JYRMOR6Uc2c2e.jpg]
[framerusercontent.com/images/tBpRxr5cdsoOoHJZFRDWplmkFo6c29.png]
[framerusercontent.com/images/QgXFWRGRiWnb5TOluJsg8XzOs7fcf.png]
[framerusercontent.com/images/bxBnkhqgW5eEL68JFI2DArhr706779.png]
[framerusercontent.com/images/9BHvgeOXr5j7F1tFHZtf1aC99Y5d35.png]
[framerusercontent.com/images/3MMx8105CXwBQEqnGqdoqu6t24Qf195.jpg]
[resourcesnews.framer.website/index.html]
[resourcesnews.framer.website/[object Object].html]
